// Jest Snapshot v1, https://goo.gl/fbAQLP

exports[`Hootel Card Should match snapshot 1`] = `
<div
  class="col-md-3 py-2"
>
  <div
    class=" hotel-card card card-body h-100"
  >
    <img
      alt="Card image"
      class="card-img-top"
      data-testid="HotelCardImgTestId"
      src="http://127.0.0.1:8000/media/images/54129602.jpg"
    />
    <h4
      class="card-title h-100"
    >
      Courtyard by Marriott Belgrade City Center
    </h4>
    <div>
      <label>
        Country:
      </label>
      <span>
         
        Serbia
      </span>
    </div>
    <div>
      <label>
        City:
      </label>
      <span>
         
        Belgrade
      </span>
    </div>
    <div>
      <label>
        Stars:
      </label>
      <span>
         
        4
      </span>
    </div>
    <div>
      <a
        href="/dashboard/42"
      >
        Details
      </a>
       
      <div
        class="float-right pointer"
      >
        <svg
          fill="royalblue"
          height="1em"
          viewBox="0 0 16 16"
          width="1em"
          xmlns="http://www.w3.org/2000/svg"
        >
          <path
            d="M8 2.748l-.717-.737C5.6.281 2.514.878 1.4 3.053c-.523 1.023-.641 2.5.314 4.385.92 1.815 2.834 3.989 6.286 6.357 3.452-2.368 5.365-4.542 6.286-6.357.955-1.886.838-3.362.314-4.385C13.486.878 10.4.28 8.717 2.01L8 2.748zM8 15C-7.333 4.868 3.279-3.04 7.824 1.143c.06.055.119.112.176.171a3.12 3.12 0 0 1 .176-.17C12.72-3.042 23.333 4.867 8 15z"
          />
        </svg>
      </div>
    </div>
  </div>
</div>
`;
