// Jest Snapshot v1, https://goo.gl/fbAQLP

exports[`Login Page Should match login page snapshot 1`] = `
<div
  class="col-lg-6 login-container"
>
  <div
    class="card login-form"
  >
    <div
      class="card-body"
    >
      <h3
        class="card-title text-center"
      >
        Log in
      </h3>
      <div
        class="card-text"
      >
        <form>
          <div
            class="form-group"
          >
            <label>
              User Name
            </label>
            <input
              class="form-control"
              type="text"
              value=""
            />
          </div>
          <div
            class="form-group"
          >
            <label>
              Password
            </label>
            <input
              class="form-control"
              type="password"
              value=""
            />
          </div>
          <button
            class="btn btn-primary btn-block"
            type="submit"
          >
            Sign in
          </button>
          <div
            class="sign-up"
          >
            Don't have an account?
            <a
              class="float-right"
              href="/register"
            >
              Register
            </a>
          </div>
        </form>
      </div>
    </div>
  </div>
</div>
`;
